// Jest Snapshot v1, https://jestjs.io/docs/snapshot-testing

exports[`App Component should match snapshot 1`] = `
<View
  style={
    {
      "alignItems": "center",
      "backgroundColor": "#fff",
      "flex": 1,
      "justifyContent": "center",
    }
  }
>
  <Text>
    Open up App.tsx to start working on your app!
  </Text>
  <StatusBar
    style="auto"
  />
</View>
`;
